---
source: tests/lexer.rs
expression: lexer.collect_vec()
input_file: tests/lexer/keywords.lang
---
- kind: Return
  slice: return
  pos:
    line: 1
    column: 1
- kind: Fun
  slice: fun
  pos:
    line: 1
    column: 8
- kind: Numeric
  slice: "12"
  pos:
    line: 1
    column: 12
- kind: Identifier
  slice: hello
  pos:
    line: 1
    column: 15
- kind: Semicolon
  slice: ;
  pos:
    line: 1
    column: 21
- kind: "True"
  slice: "true"
  pos:
    line: 2
    column: 1
- kind: "False"
  slice: "false"
  pos:
    line: 2
    column: 6
- kind: Identifier
  slice: "True"
  pos:
    line: 2
    column: 12
