---
source: tests/lexer.rs
expression: "lexer.collect::<Vec<_>>()"
input_file: tests/lexer/single_chars.lang
---
- kind: LeftBrace
  slice: "{"
  pos:
    line: 1
    column: 1
- kind: RightBrace
  slice: "}"
  pos:
    line: 1
    column: 2
- kind: LeftParen
  slice: (
  pos:
    line: 1
    column: 3
- kind: RightParen
  slice: )
  pos:
    line: 1
    column: 4
- kind: Semicolon
  slice: ;
  pos:
    line: 1
    column: 5
- kind: LeftBrace
  slice: "{"
  pos:
    line: 1
    column: 7
- kind: LeftBrace
  slice: "{"
  pos:
    line: 2
    column: 1
- kind: RightBrace
  slice: "}"
  pos:
    line: 2
    column: 5
- kind: Star
  slice: "*"
  pos:
    line: 3
    column: 1
- kind: Star
  slice: "*"
  pos:
    line: 3
    column: 2
- kind: Lesser
  slice: "<"
  pos:
    line: 3
    column: 4
- kind: Equal
  slice: "="
  pos:
    line: 3
    column: 6
- kind: Not
  slice: "!"
  pos:
    line: 4
    column: 1
- kind: Greater
  slice: ">"
  pos:
    line: 4
    column: 2
