---
source: tests/lexer.rs
expression: lexer.collect_vec()
input_file: tests/lexer/invalids.lang
---
- kind: Lesser
  slice: "<"
  pos:
    line: 1
    column: 1
- kind: Not
  slice: "!"
  pos:
    line: 1
    column: 3
- kind: Unknown
  slice: "~"
  pos:
    line: 1
    column: 5
- kind: Unknown
  slice: ^
  pos:
    line: 1
    column: 7
