---
source: tests/lexer.rs
expression: "lexer.collect::<Vec<_>>()"
input_file: tests/lexer/numerics.lang
---
- kind: Numeric
  slice: "12"
  pos:
    line: 1
    column: 1
- kind: Plus
  slice: +
  pos:
    line: 1
    column: 4
- kind: Numeric
  slice: "4"
  pos:
    line: 1
    column: 6
- kind: Numeric
  slice: "18"
  pos:
    line: 2
    column: 1
- kind: Star
  slice: "*"
  pos:
    line: 2
    column: 4
- kind: Numeric
  slice: "3"
  pos:
    line: 2
    column: 6
- kind: Slash
  slice: /
  pos:
    line: 2
    column: 8
- kind: Numeric
  slice: "2"
  pos:
    line: 2
    column: 10
