---
source: tests/parser.rs
expression: result
input_file: tests/parser/06_return_statements.lang
---
Ok:
  funs:
    conditional_return:
      ty:
        params: []
        returns:
          kind: Num
      body:
        - kind: Let
          name: x
          ty:
            kind: Num
          expr:
            kind: Num
            value: 10
        - kind: If
          cond:
            kind: Binary
            op: Greater
            lhs:
              kind: Var
              name: x
            rhs:
              kind: Num
              value: 5
          body:
            - kind: Return
              expr:
                kind: Num
                value: 100
          else:
            - kind: Return
              expr:
                kind: Num
                value: 200
    early_return:
      ty:
        params: []
        returns:
          kind: Num
      body:
        - kind: If
          cond:
            kind: Bool
            value: true
          body:
            - kind: Return
              expr:
                kind: Num
                value: 1
          else: ~
        - kind: Return
          expr:
            kind: Num
            value: 2
    main:
      ty:
        params: []
        returns:
          kind: Void
      body:
        - kind: Return
          expr: ~
    multiple_early_returns:
      ty:
        params: []
        returns:
          kind: Num
      body:
        - kind: If
          cond:
            kind: Bool
            value: true
          body:
            - kind: Return
              expr:
                kind: Num
                value: 1
          else: ~
        - kind: If
          cond:
            kind: Bool
            value: false
          body:
            - kind: Return
              expr:
                kind: Num
                value: 2
          else: ~
        - kind: Return
          expr:
            kind: Num
            value: 3
    no_return:
      ty:
        params: []
        returns:
          kind: Void
      body:
        - kind: Let
          name: x
          ty:
            kind: Num
          expr:
            kind: Num
            value: 42
    return_bool:
      ty:
        params: []
        returns:
          kind: Bool
      body:
        - kind: Return
          expr:
            kind: Bool
            value: true
    return_comparison:
      ty:
        params: []
        returns:
          kind: Bool
      body:
        - kind: Return
          expr:
            kind: Binary
            op: Lesser
            lhs:
              kind: Num
              value: 5
            rhs:
              kind: Num
              value: 10
    return_complex:
      ty:
        params: []
        returns:
          kind: Num
      body:
        - kind: Return
          expr:
            kind: Binary
            op: Sub
            lhs:
              kind: Binary
              op: Mul
              lhs:
                kind: Binary
                op: Add
                lhs:
                  kind: Num
                  value: 10
                rhs:
                  kind: Num
                  value: 5
              rhs:
                kind: Num
                value: 3
            rhs:
              kind: Num
              value: 2
    return_expression:
      ty:
        params: []
        returns:
          kind: Num
      body:
        - kind: Return
          expr:
            kind: Binary
            op: Add
            lhs:
              kind: Num
              value: 5
            rhs:
              kind: Num
              value: 10
    return_logical:
      ty:
        params: []
        returns:
          kind: Bool
      body:
        - kind: Return
          expr:
            kind: Binary
            op: And
            lhs:
              kind: Bool
              value: true
            rhs:
              kind: Bool
              value: false
    return_not:
      ty:
        params: []
        returns:
          kind: Bool
      body:
        - kind: Return
          expr:
            kind: Unary
            op: Not
            expr:
              kind: Bool
              value: false
    return_unary:
      ty:
        params: []
        returns:
          kind: Num
      body:
        - kind: Return
          expr:
            kind: Unary
            op: Negate
            expr:
              kind: Num
              value: 5
    return_value:
      ty:
        params: []
        returns:
          kind: Num
      body:
        - kind: Return
          expr:
            kind: Num
            value: 42
    return_variable:
      ty:
        params: []
        returns:
          kind: Num
      body:
        - kind: Let
          name: result
          ty:
            kind: Num
          expr:
            kind: Num
            value: 42
        - kind: Return
          expr:
            kind: Var
            name: result
    return_void:
      ty:
        params: []
        returns:
          kind: Void
      body:
        - kind: Return
          expr: ~
