---
source: tests/parser.rs
expression: result
input_file: tests/parser/01_basic_functions.lang
---
Ok:
  funs:
    explicit_void:
      ty:
        params: []
        returns:
          kind: Void
      body:
        - kind: Return
          expr: ~
    main:
      ty:
        params: []
        returns:
          kind: Void
      body:
        - kind: Let
          name: y
          ty:
            kind: Bool
          expr:
            kind: Bool
            value: true
    simple:
      ty:
        params: []
        returns:
          kind: Void
      body:
        - kind: Let
          name: x
          ty:
            kind: Num
          expr:
            kind: Num
            value: 42
    with_return:
      ty:
        params: []
        returns:
          kind: Num
      body:
        - kind: Return
          expr:
            kind: Num
            value: 5
